Archive member included to satisfy reference by file (symbol)

/opt/st/stm32cubeide_1.19.0/plugins/com.st.stm32cube.ide.mcu.externaltools.gnu-tools-for-stm32.13.3.rel1.linux64_1.0.0.202410170706/tools/bin/../lib/gcc/arm-none-eabi/13.3.1/../../../../arm-none-eabi/lib/thumb/v7-m/nofp/libc_nano.a(libc_a-exit.o)
                              /opt/st/stm32cubeide_1.19.0/plugins/com.st.stm32cube.ide.mcu.externaltools.gnu-tools-for-stm32.13.3.rel1.linux64_1.0.0.202410170706/tools/bin/../lib/gcc/arm-none-eabi/13.3.1/../../../../arm-none-eabi/lib/thumb/v7-m/nofp/crt0.o (exit)
/opt/st/stm32cubeide_1.19.0/plugins/com.st.stm32cube.ide.mcu.externaltools.gnu-tools-for-stm32.13.3.rel1.linux64_1.0.0.202410170706/tools/bin/../lib/gcc/arm-none-eabi/13.3.1/../../../../arm-none-eabi/lib/thumb/v7-m/nofp/libc_nano.a(libc_a-findfp.o)
                              /opt/st/stm32cubeide_1.19.0/plugins/com.st.stm32cube.ide.mcu.externaltools.gnu-tools-for-stm32.13.3.rel1.linux64_1.0.0.202410170706/tools/bin/../lib/gcc/arm-none-eabi/13.3.1/../../../../arm-none-eabi/lib/thumb/v7-m/nofp/libc_nano.a(libc_a-exit.o) (__stdio_exit_handler)
/opt/st/stm32cubeide_1.19.0/plugins/com.st.stm32cube.ide.mcu.externaltools.gnu-tools-for-stm32.13.3.rel1.linux64_1.0.0.202410170706/tools/bin/../lib/gcc/arm-none-eabi/13.3.1/../../../../arm-none-eabi/lib/thumb/v7-m/nofp/libc_nano.a(libc_a-fwalk.o)
                              /opt/st/stm32cubeide_1.19.0/plugins/com.st.stm32cube.ide.mcu.externaltools.gnu-tools-for-stm32.13.3.rel1.linux64_1.0.0.202410170706/tools/bin/../lib/gcc/arm-none-eabi/13.3.1/../../../../arm-none-eabi/lib/thumb/v7-m/nofp/libc_nano.a(libc_a-findfp.o) (_fwalk_sglue)
/opt/st/stm32cubeide_1.19.0/plugins/com.st.stm32cube.ide.mcu.externaltools.gnu-tools-for-stm32.13.3.rel1.linux64_1.0.0.202410170706/tools/bin/../lib/gcc/arm-none-eabi/13.3.1/../../../../arm-none-eabi/lib/thumb/v7-m/nofp/libc_nano.a(libc_a-sprintf.o)
                              ./Src/USART.o (sprintf)
/opt/st/stm32cubeide_1.19.0/plugins/com.st.stm32cube.ide.mcu.externaltools.gnu-tools-for-stm32.13.3.rel1.linux64_1.0.0.202410170706/tools/bin/../lib/gcc/arm-none-eabi/13.3.1/../../../../arm-none-eabi/lib/thumb/v7-m/nofp/libc_nano.a(libc_a-stdio.o)
                              /opt/st/stm32cubeide_1.19.0/plugins/com.st.stm32cube.ide.mcu.externaltools.gnu-tools-for-stm32.13.3.rel1.linux64_1.0.0.202410170706/tools/bin/../lib/gcc/arm-none-eabi/13.3.1/../../../../arm-none-eabi/lib/thumb/v7-m/nofp/libc_nano.a(libc_a-findfp.o) (__sread)
/opt/st/stm32cubeide_1.19.0/plugins/com.st.stm32cube.ide.mcu.externaltools.gnu-tools-for-stm32.13.3.rel1.linux64_1.0.0.202410170706/tools/bin/../lib/gcc/arm-none-eabi/13.3.1/../../../../arm-none-eabi/lib/thumb/v7-m/nofp/libc_nano.a(libc_a-memset.o)
                              /opt/st/stm32cubeide_1.19.0/plugins/com.st.stm32cube.ide.mcu.externaltools.gnu-tools-for-stm32.13.3.rel1.linux64_1.0.0.202410170706/tools/bin/../lib/gcc/arm-none-eabi/13.3.1/../../../../arm-none-eabi/lib/thumb/v7-m/nofp/crt0.o (memset)
/opt/st/stm32cubeide_1.19.0/plugins/com.st.stm32cube.ide.mcu.externaltools.gnu-tools-for-stm32.13.3.rel1.linux64_1.0.0.202410170706/tools/bin/../lib/gcc/arm-none-eabi/13.3.1/../../../../arm-none-eabi/lib/thumb/v7-m/nofp/libc_nano.a(libc_a-closer.o)
                              /opt/st/stm32cubeide_1.19.0/plugins/com.st.stm32cube.ide.mcu.externaltools.gnu-tools-for-stm32.13.3.rel1.linux64_1.0.0.202410170706/tools/bin/../lib/gcc/arm-none-eabi/13.3.1/../../../../arm-none-eabi/lib/thumb/v7-m/nofp/libc_nano.a(libc_a-stdio.o) (_close_r)
/opt/st/stm32cubeide_1.19.0/plugins/com.st.stm32cube.ide.mcu.externaltools.gnu-tools-for-stm32.13.3.rel1.linux64_1.0.0.202410170706/tools/bin/../lib/gcc/arm-none-eabi/13.3.1/../../../../arm-none-eabi/lib/thumb/v7-m/nofp/libc_nano.a(libc_a-reent.o)
                              /opt/st/stm32cubeide_1.19.0/plugins/com.st.stm32cube.ide.mcu.externaltools.gnu-tools-for-stm32.13.3.rel1.linux64_1.0.0.202410170706/tools/bin/../lib/gcc/arm-none-eabi/13.3.1/../../../../arm-none-eabi/lib/thumb/v7-m/nofp/libc_nano.a(libc_a-closer.o) (errno)
/opt/st/stm32cubeide_1.19.0/plugins/com.st.stm32cube.ide.mcu.externaltools.gnu-tools-for-stm32.13.3.rel1.linux64_1.0.0.202410170706/tools/bin/../lib/gcc/arm-none-eabi/13.3.1/../../../../arm-none-eabi/lib/thumb/v7-m/nofp/libc_nano.a(libc_a-impure.o)
                              /opt/st/stm32cubeide_1.19.0/plugins/com.st.stm32cube.ide.mcu.externaltools.gnu-tools-for-stm32.13.3.rel1.linux64_1.0.0.202410170706/tools/bin/../lib/gcc/arm-none-eabi/13.3.1/../../../../arm-none-eabi/lib/thumb/v7-m/nofp/libc_nano.a(libc_a-sprintf.o) (_impure_ptr)
/opt/st/stm32cubeide_1.19.0/plugins/com.st.stm32cube.ide.mcu.externaltools.gnu-tools-for-stm32.13.3.rel1.linux64_1.0.0.202410170706/tools/bin/../lib/gcc/arm-none-eabi/13.3.1/../../../../arm-none-eabi/lib/thumb/v7-m/nofp/libc_nano.a(libc_a-lseekr.o)
[...]
Memory Configuration

Name             Origin             Length             Attributes
RAM              0x20000000         0x00005000         xrw
FLASH            0x08000000         0x00010000         xr
*default*        0x00000000         0xffffffff

Linker script and memory map

LOAD /opt/st/stm32cubeide_1.19.0/plugins/com.st.stm32cube.ide.mcu.externaltools.gnu-tools-for-stm32.13.3.rel1.linux64_1.0.0.202410170706/tools/bin/../lib/gcc/arm-none-eabi/13.3.1/thumb/v7-m/nofp/crti.o
LOAD /opt/st/stm32cubeide_1.19.0/plugins/com.st.stm32cube.ide.mcu.externaltools.gnu-tools-for-stm32.13.3.rel1.linux64_1.0.0.202410170706/tools/bin/../lib/gcc/arm-none-eabi/13.3.1/thumb/v7-m/nofp/crtbegin.o
LOAD /opt/st/stm32cubeide_1.19.0/plugins/com.st.stm32cube.ide.mcu.externaltools.gnu-tools-for-stm32.13.3.rel1.linux64_1.0.0.202410170706/tools/bin/../lib/gcc/arm-none-eabi/13.3.1/../../../../arm-none-eabi/lib/thumb/v7-m/nofp/crt0.o
LOAD ./Src/BMP280.o
LOAD ./Src/I2C.o
LOAD ./Src/INIT.o
LOAD ./Src/LDR.o
LOAD ./Src/NRF24L01.o
LOAD ./Src/SPI.o
LOAD ./Src/TIMER.o
LOAD ./Src/USART.o
LOAD ./Src/main.o
LOAD ./Src/syscalls.o
LOAD ./Src/sysmem.o
LOAD ./Startup/startup_stm32f103c8tx.o
START GROUP
LOAD /opt/st/stm32cubeide_1.19.0/plugins/com.st.stm32cube.ide.mcu.externaltools.gnu-tools-for-stm32.13.3.rel1.linux64_1.0.0.202410170706/tools/bin/../lib/gcc/arm-none-eabi/13.3.1/../../../../arm-none-eabi/lib/thumb/v7-m/nofp/libc_nano.a
LOAD /opt/st/stm32cubeide_1.19.0/plugins/com.st.stm32cube.ide.mcu.externaltools.gnu-tools-for-stm32.13.3.rel1.linux64_1.0.0.202410170706/tools/bin/../lib/gcc/arm-none-eabi/13.3.1/../../../../arm-none-eabi/lib/thumb/v7-m/nofp/libm.a
END GROUP
START GROUP
LOAD /opt/st/stm32cubeide_1.19.0/plugins/com.st.stm32cube.ide.mcu.externaltools.gnu-tools-for-stm32.13.3.rel1.linux64_1.0.0.202410170706/tools/bin/../lib/gcc/arm-none-eabi/13.3.1/thumb/v7-m/nofp/libgcc.a
LOAD /opt/st/stm32cubeide_1.19.0/plugins/com.st.stm32cube.ide.mcu.externaltools.gnu-tools-for-stm32.13.3.rel1.linux64_1.0.0.202410170706/tools/bin/../lib/gcc/arm-none-eabi/13.3.1/../../../../arm-none-eabi/lib/thumb/v7-m/nofp/libc_nano.a
END GROUP
START GROUP
LOAD /opt/st/stm32cubeide_1.19.0/plugins/com.st.stm32cube.ide.mcu.externaltools.gnu-tools-for-stm32.13.3.rel1.linux64_1.0.0.202410170706/tools/bin/../lib/gcc/arm-none-eabi/13.3.1/thumb/v7-m/nofp/libgcc.a
LOAD /opt/st/stm32cubeide_1.19.0/plugins/com.st.stm32cube.ide.mcu.externaltools.gnu-tools-for-stm32.13.3.rel1.linux64_1.0.0.202410170706/tools/bin/../lib/gcc/arm-none-eabi/13.3.1/../../../../arm-none-eabi/lib/thumb/v7-m/nofp/libc_nano.a
LOAD /opt/st/stm32cubeide_1.19.0/plugins/com.st.stm32cube.ide.mcu.externaltools.gnu-tools-for-stm32.13.3.rel1.linux64_1.0.0.202410170706/tools/bin/../lib/gcc/arm-none-eabi/13.3.1/../../../../arm-none-eabi/lib/thumb/v7-m/nofp/libnosys.a
END GROUP
START GROUP
LOAD /opt/st/stm32cubeide_1.19.0/plugins/com.st.stm32cube.ide.mcu.externaltools.gnu-tools-for-stm32.13.3.rel1.linux64_1.0.0.202410170706/tools/bin/../lib/gcc/arm-none-eabi/13.3.1/thumb/v7-m/nofp/libgcc.a
LOAD /opt/st/stm32cubeide_1.19.0/plugins/com.st.stm32cube.ide.mcu.externaltools.gnu-tools-for-stm32.13.3.rel1.linux64_1.0.0.202410170706/tools/bin/../lib/gcc/arm-none-eabi/13.3.1/../../../../arm-none-eabi/lib/thumb/v7-m/nofp/libc_nano.a
LOAD /opt/st/stm32cubeide_1.19.0/plugins/com.st.stm32cube.ide.mcu.externaltools.gnu-tools-for-stm32.13.3.rel1.linux64_1.0.0.202410170706/tools/bin/../lib/gcc/arm-none-eabi/13.3.1/../../../../arm-none-eabi/lib/thumb/v7-m/nofp/libnosys.a
END GROUP
LOAD /opt/st/stm32cubeide_1.19.0/plugins/com.st.stm32cube.ide.mcu.externaltools.gnu-tools-for-stm32.13.3.rel1.linux64_1.0.0.202410170706/tools/bin/../lib/gcc/arm-none-eabi/13.3.1/thumb/v7-m/nofp/crtend.o
LOAD /opt/st/stm32cubeide_1.19.0/plugins/com.st.stm32cube.ide.mcu.externaltools.gnu-tools-for-stm32.13.3.rel1.linux64_1.0.0.202410170706/tools/bin/../lib/gcc/arm-none-eabi/13.3.1/thumb/v7-m/nofp/crtn.o
                0x20005000                        _estack = (ORIGIN (RAM) + LENGTH (RAM))
                0x00000200                        _Min_Heap_Size = 0x200
                0x00000400                        _Min_Stack_Size = 0x400

.isr_vector     0x08000000      0x130
                0x08000000                        . = ALIGN (0x4)
 *(.isr_vector)
 .isr_vector    0x08000000      0x130 ./Startup/startup_stm32f103c8tx.o
                0x08000000                g_pfnVectors
                0x08000130                        . = ALIGN (0x4)

.text           0x08000130     0x1694
                0x08000130                        . = ALIGN (0x4)
 *(.text)
 .text          0x08000130       0x40 /opt/st/stm32cubeide_1.19.0/plugins/com.st.stm32cube.ide.mcu.externaltools.gnu-tools-for-stm32.13.3.rel1.linux64_1.0.0.202410170706/tools/bin/../lib/gcc/arm-none-eabi/13.3.1/thumb/v7-m/nofp/crtbegin.o
 *(.text*)
 .text.BMP280_WriteReg
                0x08000170       0x36 ./Src/BMP280.o
                0x08000170                BMP280_WriteReg
 .text.BMP280_ReadRegMulti
                0x080001a6       0x6e ./Src/BMP280.o
                0x080001a6                BMP280_ReadRegMulti
 .text.BMP280_ReadCalibration
                0x08000214      0x140 ./Src/BMP280.o
                0x08000214                BMP280_ReadCalibration
 .text.BMP280_Init
                0x08000354       0x1c ./Src/BMP280.o
                0x08000354                BMP280_Init
 .text.BMP280_ReadTemperature
                0x08000370       0xa8 ./Src/BMP280.o
                0x08000370                BMP280_ReadTemperature
 .text.I2C1_Init
                0x08000418       0x70 ./Src/I2C.o
                0x08000418                I2C1_Init
 .text.I2C1_Start
                0x08000488       0x2c ./Src/I2C.o
                0x08000488                I2C1_Start
 .text.I2C1_Stop
                0x080004b4       0x1c ./Src/I2C.o
                0x080004b4                I2C1_Stop
 .text.I2C1_Address
                0x080004d0       0x34 ./Src/I2C.o
                0x080004d0                I2C1_Address
 .text.I2C1_Write
                0x08000504       0x3c ./Src/I2C.o
                0x08000504                I2C1_Write
 .text.I2C1_Read
                0x08000540       0x4c ./Src/I2C.o
                0x08000540                I2C1_Read
 .text.enable_gpio
                0x0800058c      0x11c ./Src/INIT.o
                0x0800058c                enable_gpio
 .text.enable_clock
                0x080006a8       0xa0 ./Src/INIT.o
                0x080006a8                enable_clock
 .text.teste    0x08000748       0x38 ./Src/INIT.o
                0x08000748                teste
 .text.enable_LDR
                0x08000780       0x28 ./Src/LDR.o
                0x08000780                enable_LDR
 .text.LDR_read
                0x080007a8       0x44 ./Src/LDR.o
                0x080007a8                LDR_read
 .text.nrf_write_register
                0x080007ec       0x5c ./Src/NRF24L01.o
                0x080007ec                nrf_write_register
 .text.nrf_config
                0x08000848       0xec ./Src/NRF24L01.o
                0x08000848                nrf_config
 .text.nrf_read_register
                0x08000934       0x50 ./Src/NRF24L01.o
                0x08000934                nrf_read_register
 .text.send_payload
                0x08000984       0xec ./Src/NRF24L01.o
                0x08000984                send_payload
 .text.enable_spi
                0x08000a70       0x6c ./Src/SPI.o
                0x08000a70                enable_spi
 .text.spi_transfer
                0x08000adc       0x3e ./Src/SPI.o
                0x08000adc                spi_transfer
 *fill*         0x08000b1a        0x2 
 .text.__NVIC_EnableIRQ
                0x08000b1c       0x38 ./Src/TIMER.o
 .text.TIM2_IRQHandler
                0x08000b54       0x44 ./Src/TIMER.o
                0x08000b54                TIM2_IRQHandler
 .text.enable_timer
                0x08000b98       0x28 ./Src/TIMER.o
                0x08000b98                enable_timer
 .text.delay_us
                0x08000bc0       0x50 ./Src/TIMER.o
                0x08000bc0                delay_us
 .text.enable_usart
                0x08000c10       0x4c ./Src/USART.o
                0x08000c10                enable_usart
 .text.uart1_write_char
                0x08000c5c       0x3c ./Src/USART.o
                0x08000c5c                uart1_write_char
 .text.uart1_write_string
                0x08000c98       0x2a ./Src/USART.o
                0x08000c98                uart1_write_string
 *fill*         0x08000cc2        0x2 
 .text.main     0x08000cc4       0xd8 ./Src/main.o
                0x08000cc4                main
 .text._sbrk    0x08000d9c       0x6c ./Src/sysmem.o
                0x08000d9c                _sbrk
 .text.Reset_Handler
                0x08000e08       0x50 ./Startup/startup_stm32f103c8tx.o
                0x08000e08                Reset_Handler
 .text.Default_Handler
                0x08000e58        0x2 ./Startup/startup_stm32f103c8tx.o
                0x08000e58                EXTI2_IRQHandler
                0x08000e58                TIM8_TRG_COM_IRQHandler
                0x08000e58                TIM8_CC_IRQHandler
                0x08000e58                DebugMon_Handler
                0x08000e58                TIM1_CC_IRQHandler
                0x08000e58                HardFault_Handler
                0x08000e58                TIM6_IRQHandler
                0x08000e58                SysTick_Handler
                0x08000e58                PVD_IRQHandler
                0x08000e58                SDIO_IRQHandler
                0x08000e58                PendSV_Handler
                0x08000e58                NMI_Handler
                0x08000e58                EXTI3_IRQHandler
                0x08000e58                USB_HP_CAN_TX_IRQHandler
                0x08000e58                EXTI0_IRQHandler
                0x08000e58                I2C2_EV_IRQHandler
                0x08000e58                UsageFault_Handler
                0x08000e58                ADC1_2_IRQHandler
                0x08000e58                SPI1_IRQHandler
                0x08000e58                CAN_SCE_IRQHandler
                0x08000e58                TAMPER_IRQHandler
                0x08000e58                TIM8_UP_IRQHandler
                0x08000e58                DMA2_Channel2_IRQHandler
                0x08000e58                DMA1_Channel4_IRQHandler
                0x08000e58                USART3_IRQHandler
                0x08000e58                RTC_IRQHandler
                0x08000e58                DMA1_Channel7_IRQHandler
                0x08000e58                UART5_IRQHandler
                0x08000e58                ADC3_IRQHandler
                0x08000e58                TIM4_IRQHandler
                0x08000e58                CAN_RX1_IRQHandler
                0x08000e58                DMA2_Channel1_IRQHandler
                0x08000e58                I2C1_EV_IRQHandler
                0x08000e58                DMA1_Channel6_IRQHandler
                0x08000e58                UART4_IRQHandler
                0x08000e58                TIM3_IRQHandler
                0x08000e58                RCC_IRQHandler
                0x08000e58                TIM1_TRG_COM_IRQHandler
                0x08000e58                DMA1_Channel1_IRQHandler
                0x08000e58                Default_Handler
                0x08000e58                EXTI15_10_IRQHandler
                0x08000e58                TIM7_IRQHandler
                0x08000e58                TIM5_IRQHandler
                0x08000e58                EXTI9_5_IRQHandler
                0x08000e58                SPI2_IRQHandler
                0x08000e58                USB_LP_CAN_RX0_IRQHandler
                0x08000e58                MemManage_Handler
                0x08000e58                SVC_Handler
                0x08000e58                DMA1_Channel5_IRQHandler
                0x08000e58                EXTI4_IRQHandler
                0x08000e58                DMA1_Channel3_IRQHandler
                0x08000e58                FSMC_IRQHandler
                0x08000e58                TIM1_UP_IRQHandler
                0x08000e58                WWDG_IRQHandler
                0x08000e58                TIM1_BRK_IRQHandler
                0x08000e58                EXTI1_IRQHandler
                0x08000e58                RTCAlarm_IRQHandler
                0x08000e58                DMA2_Channel4_5_IRQHandler
                0x08000e58                USART2_IRQHandler
                0x08000e58                I2C2_ER_IRQHandler
                0x08000e58                DMA1_Channel2_IRQHandler
                0x08000e58                TIM8_BRK_IRQHandler
                0x08000e58                FLASH_IRQHandler
                0x08000e58                BusFault_Handler
                0x08000e58                USART1_IRQHandler
                0x08000e58                SPI3_IRQHandler
                0x08000e58                I2C1_ER_IRQHandler
                0x08000e58                DMA2_Channel3_IRQHandler
 *fill*         0x08000e5a        0x2 
 .text.sprintf  0x08000e5c       0x44 /opt/st/stm32cubeide_1.19.0/plugins/com.st.stm32cube.ide.mcu.externaltools.gnu-tools-for-stm32.13.3.rel1.linux64_1.0.0.202410170706/tools/bin/../lib/gcc/arm-none-eabi/13.3.1/../../../../arm-none-eabi/lib/thumb/v7-m/nofp/libc_nano.a(libc_a-sprintf.o)
                0x08000e5c                sprintf
                0x08000e5c                siprintf
 .text.__errno  0x08000ea0        0xc /opt/st/stm32cubeide_1.19.0/plugins/com.st.stm32cube.ide.mcu.externaltools.gnu-tools-for-stm32.13.3.rel1.linux64_1.0.0.202410170706/tools/bin/../lib/gcc/arm-none-eabi/13.3.1/../../../../arm-none-eabi/lib/thumb/v7-m/nofp/libc_nano.a(libc_a-errno.o)
                0x08000ea0                __errno
 .text.__libc_init_array
                0x08000eac       0x48 /opt/st/stm32cubeide_1.19.0/plugins/com.st.stm32cube.ide.mcu.externaltools.gnu-tools-for-stm32.13.3.rel1.linux64_1.0.0.202410170706/tools/bin/../lib/gcc/arm-none-eabi/13.3.1/../../../../arm-none-eabi/lib/thumb/v7-m/nofp/libc_nano.a(libc_a-init.o)
                0x08000eac                __libc_init_array
 .text.__retarget_lock_acquire_recursive
                0x08000ef4        0x2 /opt/st/stm32cubeide_1.19.0/plugins/com.st.stm32cube.ide.mcu.externaltools.gnu-tools-for-stm32.13.3.rel1.linux64_1.0.0.202410170706/tools/bin/../lib/gcc/arm-none-eabi/13.3.1/../../../../arm-none-eabi/lib/thumb/v7-m/nofp/libc_nano.a(libc_a-lock.o)
                0x08000ef4                __retarget_lock_acquire_recursive
 .text.__retarget_lock_release_recursive
                0x08000ef6        0x2 /opt/st/stm32cubeide_1.19.0/plugins/com.st.stm32cube.ide.mcu.externaltools.gnu-tools-for-stm32.13.3.rel1.linux64_1.0.0.202410170706/tools/bin/../lib/gcc/arm-none-eabi/13.3.1/../../../../arm-none-eabi/lib/thumb/v7-m/nofp/libc_nano.a(libc_a-lock.o)
                0x08000ef6                __retarget_lock_release_recursive
 .text._free_r  0x08000ef8       0x90 /opt/st/stm32cubeide_1.19.0/plugins/com.st.stm32cube.ide.mcu.externaltools.gnu-tools-for-stm32.13.3.rel1.linux64_1.0.0.202410170706/tools/bin/../lib/gcc/arm-none-eabi/13.3.1/../../../../arm-none-eabi/lib/thumb/v7-m/nofp/libc_nano.a(libc_a-freer.o)
                0x08000ef8                _free_r
 .text.sbrk_aligned
                0x08000f88       0x44 /opt/st/stm32cubeide_1.19.0/plugins/com.st.stm32cube.ide.mcu.externaltools.gnu-tools-for-stm32.13.3.rel1.linux64_1.0.0.202410170706/tools/bin/../lib/gcc/arm-none-eabi/13.3.1/../../../../arm-none-eabi/lib/thumb/v7-m/nofp/libc_nano.a(libc_a-mallocr.o)
 .text._malloc_r
                0x08000fcc      0x100 /opt/st/stm32cubeide_1.19.0/plugins/com.st.stm32cube.ide.mcu.externaltools.gnu-tools-for-stm32.13.3.rel1.linux64_1.0.0.202410170706/tools/bin/../lib/gcc/arm-none-eabi/13.3.1/../../../../arm-none-eabi/lib/thumb/v7-m/nofp/libc_nano.a(libc_a-mallocr.o)
                0x08000fcc                _malloc_r
 .text.__malloc_lock
                0x080010cc        0xc /opt/st/stm32cubeide_1.19.0/plugins/com.st.stm32cube.ide.mcu.externaltools.gnu-tools-for-stm32.13.3.rel1.linux64_1.0.0.202410170706/tools/bin/../lib/gcc/arm-none-eabi/13.3.1/../../../../arm-none-eabi/lib/thumb/v7-m/nofp/libc_nano.a(libc_a-mlock.o)
                0x080010cc                __malloc_lock
 .text.__malloc_unlock
                0x080010d8        0xc /opt/st/stm32cubeide_1.19.0/plugins/com.st.stm32cube.ide.mcu.externaltools.gnu-tools-for-stm32.13.3.rel1.linux64_1.0.0.202410170706/tools/bin/../lib/gcc/arm-none-eabi/13.3.1/../../../../arm-none-eabi/lib/thumb/v7-m/nofp/libc_nano.a(libc_a-mlock.o)
                0x080010d8                __malloc_unlock
 .text.__ssputs_r
                0x080010e4       0xb6 /opt/st/stm32cubeide_1.19.0/plugins/com.st.stm32cube.ide.mcu.externaltools.gnu-tools-for-stm32.13.3.rel1.linux64_1.0.0.202410170706/tools/bin/../lib/gcc/arm-none-eabi/13.3.1/../../../../arm-none-eabi/lib/thumb/v7-m/nofp/libc_nano.a(libc_a-nano-svfprintf.o)
                0x080010e4                __ssputs_r
 *fill*         0x0800119a        0x2 
 .text._svfprintf_r
                0x0800119c      0x1f8 /opt/st/stm32cubeide_1.19.0/plugins/com.st.stm32cube.ide.mcu.externaltools.gnu-tools-for-stm32.13.3.rel1.linux64_1.0.0.202410170706/tools/bin/../lib/gcc/arm-none-eabi/13.3.1/../../../../arm-none-eabi/lib/thumb/v7-m/nofp/libc_nano.a(libc_a-nano-svfprintf.o)
                0x0800119c                _svfprintf_r
                0x0800119c                _svfiprintf_r
 .text._printf_common
                0x08001394       0xe4 /opt/st/stm32cubeide_1.19.0/plugins/com.st.stm32cube.ide.mcu.externaltools.gnu-tools-for-stm32.13.3.rel1.linux64_1.0.0.202410170706/tools/bin/../lib/gcc/arm-none-eabi/13.3.1/../../../../arm-none-eabi/lib/thumb/v7-m/nofp/libc_nano.a(libc_a-nano-vfprintf_i.o)
                0x08001394                _printf_common
 .text._printf_i
                0x08001478      0x23c /opt/st/stm32cubeide_1.19.0/plugins/com.st.stm32cube.ide.mcu.externaltools.gnu-tools-for-stm32.13.3.rel1.linux64_1.0.0.202410170706/tools/bin/../lib/gcc/arm-none-eabi/13.3.1/../../../../arm-none-eabi/lib/thumb/v7-m/nofp/libc_nano.a(libc_a-nano-vfprintf_i.o)
                0x08001478                _printf_i
 .text.memmove  0x080016b4       0x34 /opt/st/stm32cubeide_1.19.0/plugins/com.st.stm32cube.ide.mcu.externaltools.gnu-tools-for-stm32.13.3.rel1.linux64_1.0.0.202410170706/tools/bin/../lib/gcc/arm-none-eabi/13.3.1/../../../../arm-none-eabi/lib/thumb/v7-m/nofp/libc_nano.a(libc_a-memmove.o)
                0x080016b4                memmove
 .text._sbrk_r  0x080016e8       0x20 /opt/st/stm32cubeide_1.19.0/plugins/com.st.stm32cube.ide.mcu.externaltools.gnu-tools-for-stm32.13.3.rel1.linux64_1.0.0.202410170706/tools/bin/../lib/gcc/arm-none-eabi/13.3.1/../../../../arm-none-eabi/lib/thumb/v7-m/nofp/libc_nano.a(libc_a-sbrkr.o)
                0x080016e8                _sbrk_r
 .text.memchr   0x08001708       0x1c /opt/st/stm32cubeide_1.19.0/plugins/com.st.stm32cube.ide.mcu.externaltools.gnu-tools-for-stm32.13.3.rel1.linux64_1.0.0.202410170706/tools/bin/../lib/gcc/arm-none-eabi/13.3.1/../../../../arm-none-eabi/lib/thumb/v7-m/nofp/libc_nano.a(libc_a-memchr-stub.o)
                0x08001708                memchr
 .text.memcpy   0x08001724       0x1c /opt/st/stm32cubeide_1.19.0/plugins/com.st.stm32cube.ide.mcu.externaltools.gnu-tools-for-stm32.13.3.rel1.linux64_1.0.0.202410170706/tools/bin/../lib/gcc/arm-none-eabi/13.3.1/../../../../arm-none-eabi/lib/thumb/v7-m/nofp/libc_nano.a(libc_a-memcpy-stub.o)
                0x08001724                memcpy
 .text._realloc_r
                0x08001740       0x5c /opt/st/stm32cubeide_1.19.0/plugins/com.st.stm32cube.ide.mcu.externaltools.gnu-tools-for-stm32.13.3.rel1.linux64_1.0.0.202410170706/tools/bin/../lib/gcc/arm-none-eabi/13.3.1/../../../../arm-none-eabi/lib/thumb/v7-m/nofp/libc_nano.a(libc_a-reallocr.o)
                0x08001740                _realloc_r
 .text._malloc_usable_size_r
                0x0800179c       0x10 /opt/st/stm32cubeide_1.19.0/plugins/com.st.stm32cube.ide.mcu.externaltools.gnu-tools-for-stm32.13.3.rel1.linux64_1.0.0.202410170706/tools/bin/../lib/gcc/arm-none-eabi/13.3.1/../../../../arm-none-eabi/lib/thumb/v7-m/nofp/libc_nano.a(libc_a-msizer.o)
                0x0800179c                _malloc_usable_size_r
 *(.glue_7)
 .glue_7        0x080017ac        0x0 linker stubs
 *(.glue_7t)
 .glue_7t       0x080017ac        0x0 linker stubs
 *(.eh_frame)
 .eh_frame      0x080017ac        0x0 /opt/st/stm32cubeide_1.19.0/plugins/com.st.stm32cube.ide.mcu.externaltools.gnu-tools-for-stm32.13.3.rel1.linux64_1.0.0.202410170706/tools/bin/../lib/gcc/arm-none-eabi/13.3.1/thumb/v7-m/nofp/crtbegin.o
 *(.init)
 .init          0x080017ac        0x4 /opt/st/stm32cubeide_1.19.0/plugins/com.st.stm32cube.ide.mcu.externaltools.gnu-tools-for-stm32.13.3.rel1.linux64_1.0.0.202410170706/tools/bin/../lib/gcc/arm-none-eabi/13.3.1/thumb/v7-m/nofp/crti.o
                0x080017ac                _init
 .init          0x080017b0        0x8 /opt/st/stm32cubeide_1.19.0/plugins/com.st.stm32cube.ide.mcu.externaltools.gnu-tools-for-stm32.13.3.rel1.linux64_1.0.0.202410170706/tools/bin/../lib/gcc/arm-none-eabi/13.3.1/thumb/v7-m/nofp/crtn.o
 *(.fini)
 .fini          0x080017b8        0x4 /opt/st/stm32cubeide_1.19.0/plugins/com.st.stm32cube.ide.mcu.externaltools.gnu-tools-for-stm32.13.3.rel1.linux64_1.0.0.202410170706/tools/bin/../lib/gcc/arm-none-eabi/13.3.1/thumb/v7-m/nofp/crti.o
                0x080017b8                _fini
 .fini          0x080017bc        0x8 /opt/st/stm32cubeide_1.19.0/plugins/com.st.stm32cube.ide.mcu.externaltools.gnu-tools-for-stm32.13.3.rel1.linux64_1.0.0.202410170706/tools/bin/../lib/gcc/arm-none-eabi/13.3.1/thumb/v7-m/nofp/crtn.o
                0x080017c4                        . = ALIGN (0x4)
                0x080017c4                        _etext = .

.vfp11_veneer   0x080017c4        0x0
 .vfp11_veneer  0x080017c4        0x0 linker stubs

.v4_bx          0x080017c4        0x0
 .v4_bx         0x080017c4        0x0 linker stubs

.iplt           0x080017c4        0x0
 .iplt          0x080017c4        0x0 /opt/st/stm32cubeide_1.19.0/plugins/com.st.stm32cube.ide.mcu.externaltools.gnu-tools-for-stm32.13.3.rel1.linux64_1.0.0.202410170706/tools/bin/../lib/gcc/arm-none-eabi/13.3.1/thumb/v7-m/nofp/crtbegin.o

.rodata         0x080017c4       0x64
                0x080017c4                        . = ALIGN (0x4)
 *(.rodata)
 .rodata        0x080017c4        0x5 ./Src/NRF24L01.o
 *fill*         0x080017c9        0x3 
 .rodata        0x080017cc       0x27 ./Src/main.o
 *(.rodata*)
 .rodata._svfprintf_r.str1.1
                0x080017f3       0x33 /opt/st/stm32cubeide_1.19.0/plugins/com.st.stm32cube.ide.mcu.externaltools.gnu-tools-for-stm32.13.3.rel1.linux64_1.0.0.202410170706/tools/bin/../lib/gcc/arm-none-eabi/13.3.1/../../../../arm-none-eabi/lib/thumb/v7-m/nofp/libc_nano.a(libc_a-nano-svfprintf.o)
                                 0x11 (size before relaxing)
 .rodata._printf_i.str1.1
                0x08001826       0x22 /opt/st/stm32cubeide_1.19.0/plugins/com.st.stm32cube.ide.mcu.externaltools.gnu-tools-for-stm32.13.3.rel1.linux64_1.0.0.202410170706/tools/bin/../lib/gcc/arm-none-eabi/13.3.1/../../../../arm-none-eabi/lib/thumb/v7-m/nofp/libc_nano.a(libc_a-nano-vfprintf_i.o)
                0x08001848                        . = ALIGN (0x4)
 *fill*         0x08001826        0x2 

.ARM.extab      0x08001828        0x0
                0x08001828                        . = ALIGN (0x4)
 *(.ARM.extab* .gnu.linkonce.armextab.*)
                0x08001828                        . = ALIGN (0x4)

.ARM            0x08001828        0x0
                0x08001828                        . = ALIGN (0x4)
                0x08001828                        __exidx_start = .
 *(.ARM.exidx*)
                0x08001828                        __exidx_end = .
                0x08001828                        . = ALIGN (0x4)

.preinit_array  0x08001828        0x0
                0x08001828                        . = ALIGN (0x4)
                0x08001828                        PROVIDE (__preinit_array_start = .)
 *(.preinit_array*)
                0x08001828                        PROVIDE (__preinit_array_end = .)
                0x08001828                        . = ALIGN (0x4)

.init_array     0x08001828        0x4
                0x08001828                        . = ALIGN (0x4)
                0x08001828                        PROVIDE (__init_array_start = .)
 *(SORT_BY_NAME(.init_array.*))
 *(.init_array*)
 .init_array    0x08001828        0x4 /opt/st/stm32cubeide_1.19.0/plugins/com.st.stm32cube.ide.mcu.externaltools.gnu-tools-for-stm32.13.3.rel1.linux64_1.0.0.202410170706/tools/bin/../lib/gcc/arm-none-eabi/13.3.1/thumb/v7-m/nofp/crtbegin.o
                0x0800182c                        PROVIDE (__init_array_end = .)
                0x0800182c                        . = ALIGN (0x4)

.fini_array     0x0800182c        0x4
                0x0800182c                        . = ALIGN (0x4)
                [!provide]                        PROVIDE (__fini_array_start = .)
 *(SORT_BY_NAME(.fini_array.*))
 *(.fini_array*)
 .fini_array    0x0800182c        0x4 /opt/st/stm32cubeide_1.19.0/plugins/com.st.stm32cube.ide.mcu.externaltools.gnu-tools-for-stm32.13.3.rel1.linux64_1.0.0.202410170706/tools/bin/../lib/gcc/arm-none-eabi/13.3.1/thumb/v7-m/nofp/crtbegin.o
                [!provide]                        PROVIDE (__fini_array_end = .)
                0x08001830                        . = ALIGN (0x4)
                0x08001830                        _sidata = LOADADDR (.data)

.rel.dyn        0x08001830        0x0
 .rel.iplt      0x08001830        0x0 /opt/st/stm32cubeide_1.19.0/plugins/com.st.stm32cube.ide.mcu.externaltools.gnu-tools-for-stm32.13.3.rel1.linux64_1.0.0.202410170706/tools/bin/../lib/gcc/arm-none-eabi/13.3.1/thumb/v7-m/nofp/crtbegin.o

.data           0x20000000       0x50 load address 0x08001830
                0x20000000                        . = ALIGN (0x4)
                0x20000000                        _sdata = .
 *(.data)
 *(.data*)
 .data._impure_ptr
                0x20000000        0x4 /opt/st/stm32cubeide_1.19.0/plugins/com.st.stm32cube.ide.mcu.externaltools.gnu-tools-for-stm32.13.3.rel1.linux64_1.0.0.202410170706/tools/bin/../lib/gcc/arm-none-eabi/13.3.1/../../../../arm-none-eabi/lib/thumb/v7-m/nofp/libc_nano.a(libc_a-impure.o)
                0x20000000                _impure_ptr
 .data._impure_data
                0x20000004       0x4c /opt/st/stm32cubeide_1.19.0/plugins/com.st.stm32cube.ide.mcu.externaltools.gnu-tools-for-stm32.13.3.rel1.linux64_1.0.0.202410170706/tools/bin/../lib/gcc/arm-none-eabi/13.3.1/../../../../arm-none-eabi/lib/thumb/v7-m/nofp/libc_nano.a(libc_a-impure.o)
                0x20000004                _impure_data
 *(.RamFunc)
 *(.RamFunc*)
                0x20000050                        . = ALIGN (0x4)
                0x20000050                        _edata = .

.igot.plt       0x20000050        0x0 load address 0x08001880
 .igot.plt      0x20000050        0x0 /opt/st/stm32cubeide_1.19.0/plugins/com.st.stm32cube.ide.mcu.externaltools.gnu-tools-for-stm32.13.3.rel1.linux64_1.0.0.202410170706/tools/bin/../lib/gcc/arm-none-eabi/13.3.1/thumb/v7-m/nofp/crtbegin.o
                0x20000050                        . = ALIGN (0x4)

.bss            0x20000050      0x188 load address 0x08001880
                0x20000050                        _sbss = .
                0x20000050                        __bss_start__ = _sbss
 *(.bss)
 .bss           0x20000050       0x1c /opt/st/stm32cubeide_1.19.0/plugins/com.st.stm32cube.ide.mcu.externaltools.gnu-tools-for-stm32.13.3.rel1.linux64_1.0.0.202410170706/tools/bin/../lib/gcc/arm-none-eabi/13.3.1/thumb/v7-m/nofp/crtbegin.o
 *(.bss*)
 .bss.dig_T1    0x2000006c        0x2 ./Src/BMP280.o
                0x2000006c                dig_T1
 .bss.dig_T2    0x2000006e        0x2 ./Src/BMP280.o
                0x2000006e                dig_T2
 .bss.dig_T3    0x20000070        0x2 ./Src/BMP280.o
                0x20000070                dig_T3
 .bss.dig_P1    0x20000072        0x2 ./Src/BMP280.o
                0x20000072                dig_P1
 .bss.dig_P2    0x20000074        0x2 ./Src/BMP280.o
                0x20000074                dig_P2
 .bss.dig_P3    0x20000076        0x2 ./Src/BMP280.o
                0x20000076                dig_P3
 .bss.dig_P4    0x20000078        0x2 ./Src/BMP280.o
                0x20000078                dig_P4
 .bss.dig_P5    0x2000007a        0x2 ./Src/BMP280.o
                0x2000007a                dig_P5
 .bss.dig_P6    0x2000007c        0x2 ./Src/BMP280.o
                0x2000007c                dig_P6
 .bss.dig_P7    0x2000007e        0x2 ./Src/BMP280.o
                0x2000007e                dig_P7
 .bss.dig_P8    0x20000080        0x2 ./Src/BMP280.o
                0x20000080                dig_P8
 .bss.dig_P9    0x20000082        0x2 ./Src/BMP280.o
                0x20000082                dig_P9
 .bss.t_fine    0x20000084        0x4 ./Src/BMP280.o
                0x20000084                t_fine
 .bss.delay_done1
                0x20000088        0x1 ./Src/TIMER.o
                0x20000088                delay_done1
 *fill*         0x20000089        0x3 
 .bss.__sbrk_heap_end
                0x2000008c        0x4 ./Src/sysmem.o
 .bss.__sf      0x20000090      0x138 /opt/st/stm32cubeide_1.19.0/plugins/com.st.stm32cube.ide.mcu.externaltools.gnu-tools-for-stm32.13.3.rel1.linux64_1.0.0.202410170706/tools/bin/../lib/gcc/arm-none-eabi/13.3.1/../../../../arm-none-eabi/lib/thumb/v7-m/nofp/libc_nano.a(libc_a-findfp.o)
                0x20000090                __sf
 .bss.errno     0x200001c8        0x4 /opt/st/stm32cubeide_1.19.0/plugins/com.st.stm32cube.ide.mcu.externaltools.gnu-tools-for-stm32.13.3.rel1.linux64_1.0.0.202410170706/tools/bin/../lib/gcc/arm-none-eabi/13.3.1/../../../../arm-none-eabi/lib/thumb/v7-m/nofp/libc_nano.a(libc_a-reent.o)
                0x200001c8                errno
 .bss.__lock___malloc_recursive_mutex
                0x200001cc        0x1 /opt/st/stm32cubeide_1.19.0/plugins/com.st.stm32cube.ide.mcu.externaltools.gnu-tools-for-stm32.13.3.rel1.linux64_1.0.0.202410170706/tools/bin/../lib/gcc/arm-none-eabi/13.3.1/../../../../arm-none-eabi/lib/thumb/v7-m/nofp/libc_nano.a(libc_a-lock.o)
                0x200001cc                __lock___malloc_recursive_mutex
 *fill*         0x200001cd        0x3 
 .bss.__malloc_sbrk_start
                0x200001d0        0x4 /opt/st/stm32cubeide_1.19.0/plugins/com.st.stm32cube.ide.mcu.externaltools.gnu-tools-for-stm32.13.3.rel1.linux64_1.0.0.202410170706/tools/bin/../lib/gcc/arm-none-eabi/13.3.1/../../../../arm-none-eabi/lib/thumb/v7-m/nofp/libc_nano.a(libc_a-mallocr.o)
                0x200001d0                __malloc_sbrk_start
 .bss.__malloc_free_list
                0x200001d4        0x4 /opt/st/stm32cubeide_1.19.0/plugins/com.st.stm32cube.ide.mcu.externaltools.gnu-tools-for-stm32.13.3.rel1.linux64_1.0.0.202410170706/tools/bin/../lib/gcc/arm-none-eabi/13.3.1/../../../../arm-none-eabi/lib/thumb/v7-m/nofp/libc_nano.a(libc_a-mallocr.o)
                0x200001d4                __malloc_free_list
 *(COMMON)
                0x200001d8                        . = ALIGN (0x4)
                0x200001d8                        _ebss = .
                0x200001d8                        __bss_end__ = _ebss

._user_heap_stack
                0x200001d8      0x600 load address 0x08001880
                0x200001d8                        . = ALIGN (0x8)
                [!provide]                        PROVIDE (end = .)
                0x200001d8                        PROVIDE (_end = .)
                0x200003d8                        . = (. + _Min_Heap_Size)
 *fill*         0x200001d8      0x200 
                0x200007d8                        . = (. + _Min_Stack_Size)
 *fill*         0x200003d8      0x400 
                0x200007d8                        . = ALIGN (0x8)

/DISCARD/
 libc.a(*)
 libm.a(*)
 libgcc.a(*)

.ARM.attributes
                0x00000000       0x29
 *(.ARM.attributes)
 .ARM.attributes
                0x00000000       0x1d /opt/st/stm32cubeide_1.19.0/plugins/com.st.stm32cube.ide.mcu.externaltools.gnu-tools-for-stm32.13.3.rel1.linux64_1.0.0.202410170706/tools/bin/../lib/gcc/arm-none-eabi/13.3.1/thumb/v7-m/nofp/crti.o
 .ARM.attributes
                0x0000001d       0x2d /opt/st/stm32cubeide_1.19.0/plugins/com.st.stm32cube.ide.mcu.externaltools.gnu-tools-for-stm32.13.3.rel1.linux64_1.0.0.202410170706/tools/bin/../lib/gcc/arm-none-eabi/13.3.1/thumb/v7-m/nofp/crtbegin.o
 .ARM.attributes
                0x0000004a       0x2d ./Src/BMP280.o
 .ARM.attributes
                0x00000077       0x2d ./Src/I2C.o
 .ARM.attributes
                0x000000a4       0x2d ./Src/INIT.o
 .ARM.attributes
                0x000000d1       0x2d ./Src/LDR.o
 .ARM.attributes
                0x000000fe       0x2d ./Src/NRF24L01.o
 .ARM.attributes
                0x0000012b       0x2d ./Src/SPI.o
 .ARM.attributes
                0x00000158       0x2d ./Src/TIMER.o
 .ARM.attributes
                0x00000185       0x2d ./Src/USART.o
 .ARM.attributes
                0x000001b2       0x2d ./Src/main.o
 .ARM.attributes
                0x000001df       0x2d ./Src/sysmem.o
 .ARM.attributes
                0x0000020c       0x21 ./Startup/startup_stm32f103c8tx.o
 .ARM.attributes
                0x0000022d       0x2d /opt/st/stm32cubeide_1.19.0/plugins/com.st.stm32cube.ide.mcu.externaltools.gnu-tools-for-stm32.13.3.rel1.linux64_1.0.0.202410170706/tools/bin/../lib/gcc/arm-none-eabi/13.3.1/../../../../arm-none-eabi/lib/thumb/v7-m/nofp/libc_nano.a(libc_a-findfp.o)
 .ARM.attributes
                0x0000025a       0x2d /opt/st/stm32cubeide_1.19.0/plugins/com.st.stm32cube.ide.mcu.externaltools.gnu-tools-for-stm32.13.3.rel1.linux64_1.0.0.202410170706/tools/bin/../lib/gcc/arm-none-eabi/13.3.1/../../../../arm-none-eabi/lib/thumb/v7-m/nofp/libc_nano.a(libc_a-sprintf.o)
 .ARM.attributes
                0x00000287       0x2d /opt/st/stm32cubeide_1.19.0/plugins/com.st.stm32cube.ide.mcu.externaltools.gnu-tools-for-stm32.13.3.rel1.linux64_1.0.0.202410170706/tools/bin/../lib/gcc/arm-none-eabi/13.3.1/../../../../arm-none-eabi/lib/thumb/v7-m/nofp/libc_nano.a(libc_a-reent.o)
 .ARM.attributes
                0x000002b4       0x2d /opt/st/stm32cubeide_1.19.0/plugins/com.st.stm32cube.ide.mcu.externaltools.gnu-tools-for-stm32.13.3.rel1.linux64_1.0.0.202410170706/tools/bin/../lib/gcc/arm-none-eabi/13.3.1/../../../../arm-none-eabi/lib/thumb/v7-m/nofp/libc_nano.a(libc_a-impure.o)
 .ARM.attributes
                0x000002e1       0x2d /opt/st/stm32cubeide_1.19.0/plugins/com.st.stm32cube.ide.mcu.externaltools.gnu-tools-for-stm32.13.3.rel1.linux64_1.0.0.202410170706/tools/bin/../lib/gcc/arm-none-eabi/13.3.1/../../../../arm-none-eabi/lib/thumb/v7-m/nofp/libc_nano.a(libc_a-errno.o)
 .ARM.attributes
                0x0000030e       0x2d /opt/st/stm32cubeide_1.19.0/plugins/com.st.stm32cube.ide.mcu.externaltools.gnu-tools-for-stm32.13.3.rel1.linux64_1.0.0.202410170706/tools/bin/../lib/gcc/arm-none-eabi/13.3.1/../../../../arm-none-eabi/lib/thumb/v7-m/nofp/libc_nano.a(libc_a-init.o)
 .ARM.attributes
                0x0000033b       0x2d /opt/st/stm32cubeide_1.19.0/plugins/com.st.stm32cube.ide.mcu.externaltools.gnu-tools-for-stm32.13.3.rel1.linux64_1.0.0.202410170706/tools/bin/../lib/gcc/arm-none-eabi/13.3.1/../../../../arm-none-eabi/lib/thumb/v7-m/nofp/libc_nano.a(libc_a-lock.o)
 .ARM.attributes
                0x00000368       0x2d /opt/st/stm32cubeide_1.19.0/plugins/com.st.stm32cube.ide.mcu.externaltools.gnu-tools-for-stm32.13.3.rel1.linux64_1.0.0.202410170706/tools/bin/../lib/gcc/arm-none-eabi/13.3.1/../../../../arm-none-eabi/lib/thumb/v7-m/nofp/libc_nano.a(libc_a-freer.o)
 .ARM.attributes
                0x00000395       0x2d /opt/st/stm32cubeide_1.19.0/plugins/com.st.stm32cube.ide.mcu.externaltools.gnu-tools-for-stm32.13.3.rel1.linux64_1.0.0.202410170706/tools/bin/../lib/gcc/arm-none-eabi/13.3.1/../../../../arm-none-eabi/lib/thumb/v7-m/nofp/libc_nano.a(libc_a-mallocr.o)
 .ARM.attributes
                0x000003c2       0x2d /opt/st/stm32cubeide_1.19.0/plugins/com.st.stm32cube.ide.mcu.externaltools.gnu-tools-for-stm32.13.3.rel1.linux64_1.0.0.202410170706/tools/bin/../lib/gcc/arm-none-eabi/13.3.1/../../../../arm-none-eabi/lib/thumb/v7-m/nofp/libc_nano.a(libc_a-mlock.o)
 .ARM.attributes
                0x000003ef       0x2d /opt/st/stm32cubeide_1.19.0/plugins/com.st.stm32cube.ide.mcu.externaltools.gnu-tools-for-stm32.13.3.rel1.linux64_1.0.0.202410170706/tools/bin/../lib/gcc/arm-none-eabi/13.3.1/../../../../arm-none-eabi/lib/thumb/v7-m/nofp/libc_nano.a(libc_a-nano-svfprintf.o)
 .ARM.attributes
                0x0000041c       0x2d /opt/st/stm32cubeide_1.19.0/plugins/com.st.stm32cube.ide.mcu.externaltools.gnu-tools-for-stm32.13.3.rel1.linux64_1.0.0.202410170706/tools/bin/../lib/gcc/arm-none-eabi/13.3.1/../../../../arm-none-eabi/lib/thumb/v7-m/nofp/libc_nano.a(libc_a-nano-vfprintf_i.o)
 .ARM.attributes
                0x00000449       0x2d /opt/st/stm32cubeide_1.19.0/plugins/com.st.stm32cube.ide.mcu.externaltools.gnu-tools-for-stm32.13.3.rel1.linux64_1.0.0.202410170706/tools/bin/../lib/gcc/arm-none-eabi/13.3.1/../../../../arm-none-eabi/lib/thumb/v7-m/nofp/libc_nano.a(libc_a-memmove.o)
 .ARM.attributes
                0x00000476       0x2d /opt/st/stm32cubeide_1.19.0/plugins/com.st.stm32cube.ide.mcu.externaltools.gnu-tools-for-stm32.13.3.rel1.linux64_1.0.0.202410170706/tools/bin/../lib/gcc/arm-none-eabi/13.3.1/../../../../arm-none-eabi/lib/thumb/v7-m/nofp/libc_nano.a(libc_a-sbrkr.o)
 .ARM.attributes
                0x000004a3       0x2d /opt/st/stm32cubeide_1.19.0/plugins/com.st.stm32cube.ide.mcu.externaltools.gnu-tools-for-stm32.13.3.rel1.linux64_1.0.0.202410170706/tools/bin/../lib/gcc/arm-none-eabi/13.3.1/../../../../arm-none-eabi/lib/thumb/v7-m/nofp/libc_nano.a(libc_a-memchr-stub.o)
 .ARM.attributes
                0x000004d0       0x2d /opt/st/stm32cubeide_1.19.0/plugins/com.st.stm32cube.ide.mcu.externaltools.gnu-tools-for-stm32.13.3.rel1.linux64_1.0.0.202410170706/tools/bin/../lib/gcc/arm-none-eabi/13.3.1/../../../../arm-none-eabi/lib/thumb/v7-m/nofp/libc_nano.a(libc_a-memcpy-stub.o)
 .ARM.attributes
                0x000004fd       0x2d /opt/st/stm32cubeide_1.19.0/plugins/com.st.stm32cube.ide.mcu.externaltools.gnu-tools-for-stm32.13.3.rel1.linux64_1.0.0.202410170706/tools/bin/../lib/gcc/arm-none-eabi/13.3.1/../../../../arm-none-eabi/lib/thumb/v7-m/nofp/libc_nano.a(libc_a-reallocr.o)
 .ARM.attributes
                0x0000052a       0x2d /opt/st/stm32cubeide_1.19.0/plugins/com.st.stm32cube.ide.mcu.externaltools.gnu-tools-for-stm32.13.3.rel1.linux64_1.0.0.202410170706/tools/bin/../lib/gcc/arm-none-eabi/13.3.1/../../../../arm-none-eabi/lib/thumb/v7-m/nofp/libc_nano.a(libc_a-msizer.o)
 .ARM.attributes
                0x00000557       0x1d /opt/st/stm32cubeide_1.19.0/plugins/com.st.stm32cube.ide.mcu.externaltools.gnu-tools-for-stm32.13.3.rel1.linux64_1.0.0.202410170706/tools/bin/../lib/gcc/arm-none-eabi/13.3.1/thumb/v7-m/nofp/crtn.o
OUTPUT(Projeto Final - monitoramento de ambiente.elf elf32-littlearm)
LOAD linker stubs
LOAD /opt/st/stm32cubeide_1.19.0/plugins/com.st.stm32cube.ide.mcu.externaltools.gnu-tools-for-stm32.13.3.rel1.linux64_1.0.0.202410170706/tools/bin/../lib/gcc/arm-none-eabi/13.3.1/../../../../arm-none-eabi/lib/thumb/v7-m/nofp/libc.a
LOAD /opt/st/stm32cubeide_1.19.0/plugins/com.st.stm32cube.ide.mcu.externaltools.gnu-tools-for-stm32.13.3.rel1.linux64_1.0.0.202410170706/tools/bin/../lib/gcc/arm-none-eabi/13.3.1/../../../../arm-none-eabi/lib/thumb/v7-m/nofp/libm.a
LOAD /opt/st/stm32cubeide_1.19.0/plugins/com.st.stm32cube.ide.mcu.externaltools.gnu-tools-for-stm32.13.3.rel1.linux64_1.0.0.202410170706/tools/bin/../lib/gcc/arm-none-eabi/13.3.1/thumb/v7-m/nofp/libgcc.a

.debug_info     0x00000000     0x19e3
 .debug_info    0x00000000      0x406 ./Src/BMP280.o
 .debug_info    0x00000406      0x256 ./Src/I2C.o
 .debug_info    0x0000065c      0x1c5 ./Src/INIT.o
 .debug_info    0x00000821      0x1bc ./Src/LDR.o
 .debug_info    0x000009dd      0x343 ./Src/NRF24L01.o
 .debug_info    0x00000d20      0x17a ./Src/SPI.o
 .debug_info    0x00000e9a      0x4e8 ./Src/TIMER.o
 .debug_info    0x00001382      0x1f2 ./Src/USART.o
 .debug_info    0x00001574      0x2d7 ./Src/main.o
 .debug_info    0x0000184b      0x168 ./Src/sysmem.o
 .debug_info    0x000019b3       0x30 ./Startup/startup_stm32f103c8tx.o

.debug_abbrev   0x00000000      0xbd7
 .debug_abbrev  0x00000000      0x182 ./Src/BMP280.o
 .debug_abbrev  0x00000182      0x101 ./Src/I2C.o
 .debug_abbrev  0x00000283       0xd8 ./Src/INIT.o
 .debug_abbrev  0x0000035b       0xc5 ./Src/LDR.o
 .debug_abbrev  0x00000420      0x1d4 ./Src/NRF24L01.o
 .debug_abbrev  0x000005f4       0xd7 ./Src/SPI.o
 .debug_abbrev  0x000006cb      0x19d ./Src/TIMER.o
 .debug_abbrev  0x00000868      0x14f ./Src/USART.o
 .debug_abbrev  0x000009b7      0x140 ./Src/main.o
 .debug_abbrev  0x00000af7       0xbc ./Src/sysmem.o
 .debug_abbrev  0x00000bb3       0x24 ./Startup/startup_stm32f103c8tx.o

.debug_aranges  0x00000000      0x230
 .debug_aranges
                0x00000000       0x48 ./Src/BMP280.o
 .debug_aranges
                0x00000048       0x48 ./Src/I2C.o
 .debug_aranges
                0x00000090       0x30 ./Src/INIT.o
 .debug_aranges
                0x000000c0       0x28 ./Src/LDR.o
 .debug_aranges
                0x000000e8       0x48 ./Src/NRF24L01.o
 .debug_aranges
                0x00000130       0x28 ./Src/SPI.o
 .debug_aranges
                0x00000158       0x38 ./Src/TIMER.o
 .debug_aranges
                0x00000190       0x38 ./Src/USART.o
 .debug_aranges
                0x000001c8       0x20 ./Src/main.o
 .debug_aranges
                0x000001e8       0x20 ./Src/sysmem.o
 .debug_aranges
                0x00000208       0x28 ./Startup/startup_stm32f103c8tx.o

.debug_rnglists
                0x00000000      0x175
 .debug_rnglists
                0x00000000       0x34 ./Src/BMP280.o
 .debug_rnglists
                0x00000034       0x31 ./Src/I2C.o
 .debug_rnglists
                0x00000065       0x21 ./Src/INIT.o
 .debug_rnglists
                0x00000086       0x19 ./Src/LDR.o
 .debug_rnglists
                0x0000009f       0x33 ./Src/NRF24L01.o
 .debug_rnglists
                0x000000d2       0x19 ./Src/SPI.o
 .debug_rnglists
                0x000000eb       0x25 ./Src/TIMER.o
 .debug_rnglists
                0x00000110       0x25 ./Src/USART.o
 .debug_rnglists
                0x00000135       0x14 ./Src/main.o
 .debug_rnglists
                0x00000149       0x13 ./Src/sysmem.o
 .debug_rnglists
                0x0000015c       0x19 ./Startup/startup_stm32f103c8tx.o

.debug_macro    0x00000000    0x118a2
 .debug_macro   0x00000000       0xcf ./Src/BMP280.o
 .debug_macro   0x000000cf      0xad8 ./Src/BMP280.o
 .debug_macro   0x00000ba7       0x22 ./Src/BMP280.o
 .debug_macro   0x00000bc9       0x8e ./Src/BMP280.o
 .debug_macro   0x00000c57       0x51 ./Src/BMP280.o
 .debug_macro   0x00000ca8      0x103 ./Src/BMP280.o
 .debug_macro   0x00000dab       0x6a ./Src/BMP280.o
 .debug_macro   0x00000e15      0x1df ./Src/BMP280.o
 .debug_macro   0x00000ff4       0x28 ./Src/BMP280.o
 .debug_macro   0x0000101c       0x22 ./Src/BMP280.o
 .debug_macro   0x0000103e       0x1c ./Src/BMP280.o
 .debug_macro   0x0000105a       0x22 ./Src/BMP280.o
 .debug_macro   0x0000107c       0xbd ./Src/BMP280.o
 .debug_macro   0x00001139      0xd23 ./Src/BMP280.o
 .debug_macro   0x00001e5c     0xe09e ./Src/BMP280.o
 .debug_macro   0x0000fefa       0x6d ./Src/BMP280.o
 .debug_macro   0x0000ff67       0x2e ./Src/BMP280.o
 .debug_macro   0x0000ff95       0xc6 ./Src/I2C.o
 .debug_macro   0x0001005b       0xd8 ./Src/INIT.o
 .debug_macro   0x00010133       0x10 ./Src/INIT.o
 .debug_macro   0x00010143       0x34 ./Src/INIT.o
 .debug_macro   0x00010177       0xc6 ./Src/LDR.o
 .debug_macro   0x0001023d      0x1c9 ./Src/NRF24L01.o
 .debug_macro   0x00010406       0x5b ./Src/NRF24L01.o
 .debug_macro   0x00010461       0x24 ./Src/NRF24L01.o
 .debug_macro   0x00010485       0x94 ./Src/NRF24L01.o
 .debug_macro   0x00010519       0x43 ./Src/NRF24L01.o
 .debug_macro   0x0001055c       0x34 ./Src/NRF24L01.o
 .debug_macro   0x00010590       0x16 ./Src/NRF24L01.o
 .debug_macro   0x000105a6       0x57 ./Src/NRF24L01.o
 .debug_macro   0x000105fd       0x9e ./Src/NRF24L01.o
 .debug_macro   0x0001069b      0x370 ./Src/NRF24L01.o
 .debug_macro   0x00010a0b      0x112 ./Src/NRF24L01.o
 .debug_macro   0x00010b1d       0x10 ./Src/NRF24L01.o
 .debug_macro   0x00010b2d       0x16 ./Src/NRF24L01.o
 .debug_macro   0x00010b43       0x4a ./Src/NRF24L01.o
 .debug_macro   0x00010b8d       0x34 ./Src/NRF24L01.o
 .debug_macro   0x00010bc1       0x10 ./Src/NRF24L01.o
 .debug_macro   0x00010bd1       0x58 ./Src/NRF24L01.o
 .debug_macro   0x00010c29       0x8e ./Src/NRF24L01.o
 .debug_macro   0x00010cb7       0x1c ./Src/NRF24L01.o
 .debug_macro   0x00010cd3      0x185 ./Src/NRF24L01.o
 .debug_macro   0x00010e58       0x16 ./Src/NRF24L01.o
 .debug_macro   0x00010e6e       0x16 ./Src/NRF24L01.o
 .debug_macro   0x00010e84      0x146 ./Src/NRF24L01.o
 .debug_macro   0x00010fca       0x2e ./Src/NRF24L01.o
 .debug_macro   0x00010ff8       0xbc ./Src/SPI.o
 .debug_macro   0x000110b4       0xc6 ./Src/TIMER.o
 .debug_macro   0x0001117a      0x199 ./Src/USART.o
 .debug_macro   0x00011313       0x61 ./Src/USART.o
 .debug_macro   0x00011374      0x1e0 ./Src/main.o
 .debug_macro   0x00011554      0x112 ./Src/sysmem.o
 .debug_macro   0x00011666      0x23c ./Src/sysmem.o

.debug_line     0x00000000     0x3e05
 .debug_line    0x00000000      0x789 ./Src/BMP280.o
 .debug_line    0x00000789      0x634 ./Src/I2C.o
 .debug_line    0x00000dbd      0x61e ./Src/INIT.o
 .debug_line    0x000013db      0x53b ./Src/LDR.o
 .debug_line    0x00001916      0x7b1 ./Src/NRF24L01.o
 .debug_line    0x000020c7      0x50a ./Src/SPI.o
 .debug_line    0x000025d1      0x598 ./Src/TIMER.o
 .debug_line    0x00002b69      0x68a ./Src/USART.o
 .debug_line    0x000031f3      0x6df ./Src/main.o
 .debug_line    0x000038d2      0x4b8 ./Src/sysmem.o
 .debug_line    0x00003d8a       0x7b ./Startup/startup_stm32f103c8tx.o

.debug_str      0x00000000    0x58d3c
 .debug_str     0x00000000    0x58d3c ./Src/BMP280.o
                              0x548bf (size before relaxing)
 .debug_str     0x00058d3c    0x54759 ./Src/I2C.o
 .debug_str     0x00058d3c    0x54825 ./Src/INIT.o
 .debug_str     0x00058d3c    0x54716 ./Src/LDR.o
 .debug_str     0x00058d3c    0x583a9 ./Src/NRF24L01.o
 .debug_str     0x00058d3c    0x546f5 ./Src/SPI.o
 .debug_str     0x00058d3c    0x54aa1 ./Src/TIMER.o
 .debug_str     0x00058d3c    0x58227 ./Src/USART.o
 .debug_str     0x00058d3c    0x584a2 ./Src/main.o
 .debug_str     0x00058d3c     0x774b ./Src/sysmem.o
 .debug_str     0x00058d3c       0x94 ./Startup/startup_stm32f103c8tx.o

.comment        0x00000000       0x43
 .comment       0x00000000       0x43 ./Src/BMP280.o
                                 0x44 (size before relaxing)
 .comment       0x00000043       0x44 ./Src/I2C.o
 .comment       0x00000043       0x44 ./Src/INIT.o
 .comment       0x00000043       0x44 ./Src/LDR.o
 .comment       0x00000043       0x44 ./Src/NRF24L01.o
 .comment       0x00000043       0x44 ./Src/SPI.o
 .comment       0x00000043       0x44 ./Src/TIMER.o
 .comment       0x00000043       0x44 ./Src/USART.o
 .comment       0x00000043       0x44 ./Src/main.o
 .comment       0x00000043       0x44 ./Src/sysmem.o

.debug_frame    0x00000000      0xb1c
 .debug_frame   0x00000000       0xf4 ./Src/BMP280.o
 .debug_frame   0x000000f4       0xe8 ./Src/I2C.o
 .debug_frame   0x000001dc       0x6c ./Src/INIT.o
 .debug_frame   0x00000248       0x58 ./Src/LDR.o
 .debug_frame   0x000002a0       0xe8 ./Src/NRF24L01.o
 .debug_frame   0x00000388       0x60 ./Src/SPI.o
 .debug_frame   0x000003e8       0x9c ./Src/TIMER.o
 .debug_frame   0x00000484       0xa0 ./Src/USART.o
 .debug_frame   0x00000524       0x30 ./Src/main.o
 .debug_frame   0x00000554       0x34 ./Src/sysmem.o
 .debug_frame   0x00000588      0x144 /opt/st/stm32cubeide_1.19.0/plugins/com.st.stm32cube.ide.mcu.externaltools.gnu-tools-for-stm32.13.3.rel1.linux64_1.0.0.202410170706/tools/bin/../lib/gcc/arm-none-eabi/13.3.1/../../../../arm-none-eabi/lib/thumb/v7-m/nofp/libc_nano.a(libc_a-findfp.o)
 .debug_frame   0x000006cc       0x74 /opt/st/stm32cubeide_1.19.0/plugins/com.st.stm32cube.ide.mcu.externaltools.gnu-tools-for-stm32.13.3.rel1.linux64_1.0.0.202410170706/tools/bin/../lib/gcc/arm-none-eabi/13.3.1/../../../../arm-none-eabi/lib/thumb/v7-m/nofp/libc_nano.a(libc_a-sprintf.o)
 .debug_frame   0x00000740       0x38 /opt/st/stm32cubeide_1.19.0/plugins/com.st.stm32cube.ide.mcu.externaltools.gnu-tools-for-stm32.13.3.rel1.linux64_1.0.0.202410170706/tools/bin/../lib/gcc/arm-none-eabi/13.3.1/../../../../arm-none-eabi/lib/thumb/v7-m/nofp/libc_nano.a(libc_a-reent.o)
 .debug_frame   0x00000778       0x20 /opt/st/stm32cubeide_1.19.0/plugins/com.st.stm32cube.ide.mcu.externaltools.gnu-tools-for-stm32.13.3.rel1.linux64_1.0.0.202410170706/tools/bin/../lib/gcc/arm-none-eabi/13.3.1/../../../../arm-none-eabi/lib/thumb/v7-m/nofp/libc_nano.a(libc_a-errno.o)
 .debug_frame   0x00000798       0x2c /opt/st/stm32cubeide_1.19.0/plugins/com.st.stm32cube.ide.mcu.externaltools.gnu-tools-for-stm32.13.3.rel1.linux64_1.0.0.202410170706/tools/bin/../lib/gcc/arm-none-eabi/13.3.1/../../../../arm-none-eabi/lib/thumb/v7-m/nofp/libc_nano.a(libc_a-init.o)
 .debug_frame   0x000007c4       0xb0 /opt/st/stm32cubeide_1.19.0/plugins/com.st.stm32cube.ide.mcu.externaltools.gnu-tools-for-stm32.13.3.rel1.linux64_1.0.0.202410170706/tools/bin/../lib/gcc/arm-none-eabi/13.3.1/../../../../arm-none-eabi/lib/thumb/v7-m/nofp/libc_nano.a(libc_a-lock.o)
 .debug_frame   0x00000874       0x38 /opt/st/stm32cubeide_1.19.0/plugins/com.st.stm32cube.ide.mcu.externaltools.gnu-tools-for-stm32.13.3.rel1.linux64_1.0.0.202410170706/tools/bin/../lib/gcc/arm-none-eabi/13.3.1/../../../../arm-none-eabi/lib/thumb/v7-m/nofp/libc_nano.a(libc_a-freer.o)
 .debug_frame   0x000008ac       0x50 /opt/st/stm32cubeide_1.19.0/plugins/com.st.stm32cube.ide.mcu.externaltools.gnu-tools-for-stm32.13.3.rel1.linux64_1.0.0.202410170706/tools/bin/../lib/gcc/arm-none-eabi/13.3.1/../../../../arm-none-eabi/lib/thumb/v7-m/nofp/libc_nano.a(libc_a-mallocr.o)
 .debug_frame   0x000008fc       0x30 /opt/st/stm32cubeide_1.19.0/plugins/com.st.stm32cube.ide.mcu.externaltools.gnu-tools-for-stm32.13.3.rel1.linux64_1.0.0.202410170706/tools/bin/../lib/gcc/arm-none-eabi/13.3.1/../../../../arm-none-eabi/lib/thumb/v7-m/nofp/libc_nano.a(libc_a-mlock.o)
 .debug_frame   0x0000092c       0x90 /opt/st/stm32cubeide_1.19.0/plugins/com.st.stm32cube.ide.mcu.externaltools.gnu-tools-for-stm32.13.3.rel1.linux64_1.0.0.202410170706/tools/bin/../lib/gcc/arm-none-eabi/13.3.1/../../../../arm-none-eabi/lib/thumb/v7-m/nofp/libc_nano.a(libc_a-nano-svfprintf.o)
 .debug_frame   0x000009bc       0x60 /opt/st/stm32cubeide_1.19.0/plugins/com.st.stm32cube.ide.mcu.externaltools.gnu-tools-for-stm32.13.3.rel1.linux64_1.0.0.202410170706/tools/bin/../lib/gcc/arm-none-eabi/13.3.1/../../../../arm-none-eabi/lib/thumb/v7-m/nofp/libc_nano.a(libc_a-nano-vfprintf_i.o)
 .debug_frame   0x00000a1c       0x28 /opt/st/stm32cubeide_1.19.0/plugins/com.st.stm32cube.ide.mcu.externaltools.gnu-tools-for-stm32.13.3.rel1.linux64_1.0.0.202410170706/tools/bin/../lib/gcc/arm-none-eabi/13.3.1/../../../../arm-none-eabi/lib/thumb/v7-m/nofp/libc_nano.a(libc_a-memmove.o)
 .debug_frame   0x00000a44       0x2c /opt/st/stm32cubeide_1.19.0/plugins/com.st.stm32cube.ide.mcu.externaltools.gnu-tools-for-stm32.13.3.rel1.linux64_1.0.0.202410170706/tools/bin/../lib/gcc/arm-none-eabi/13.3.1/../../../../arm-none-eabi/lib/thumb/v7-m/nofp/libc_nano.a(libc_a-sbrkr.o)
 .debug_frame   0x00000a70       0x28 /opt/st/stm32cubeide_1.19.0/plugins/com.st.stm32cube.ide.mcu.externaltools.gnu-tools-for-stm32.13.3.rel1.linux64_1.0.0.202410170706/tools/bin/../lib/gcc/arm-none-eabi/13.3.1/../../../../arm-none-eabi/lib/thumb/v7-m/nofp/libc_nano.a(libc_a-memchr-stub.o)
 .debug_frame   0x00000a98       0x28 /opt/st/stm32cubeide_1.19.0/plugins/com.st.stm32cube.ide.mcu.externaltools.gnu-tools-for-stm32.13.3.rel1.linux64_1.0.0.202410170706/tools/bin/../lib/gcc/arm-none-eabi/13.3.1/../../../../arm-none-eabi/lib/thumb/v7-m/nofp/libc_nano.a(libc_a-memcpy-stub.o)
 .debug_frame   0x00000ac0       0x3c /opt/st/stm32cubeide_1.19.0/plugins/com.st.stm32cube.ide.mcu.externaltools.gnu-tools-for-stm32.13.3.rel1.linux64_1.0.0.202410170706/tools/bin/../lib/gcc/arm-none-eabi/13.3.1/../../../../arm-none-eabi/lib/thumb/v7-m/nofp/libc_nano.a(libc_a-reallocr.o)
 .debug_frame   0x00000afc       0x20 /opt/st/stm32cubeide_1.19.0/plugins/com.st.stm32cube.ide.mcu.externaltools.gnu-tools-for-stm32.13.3.rel1.linux64_1.0.0.202410170706/tools/bin/../lib/gcc/arm-none-eabi/13.3.1/../../../../arm-none-eabi/lib/thumb/v7-m/nofp/libc_nano.a(libc_a-msizer.o)

.debug_line_str
                0x00000000       0x78
 .debug_line_str
                0x00000000       0x78 ./Startup/startup_stm32f103c8tx.o
